
########################################################################
# Session démarrée le 2026-06-05 15:56:15
# Intervalle : 10.0s
########################################################################

========================================================================
TIMESTAMP : 2026-06-05 15:56:15
========================================================================
[CPU]
  Cœurs physiques / logiques : 10 / 12
  Utilisation globale        : 0.0 %
  Par cœur                   : C0:0%  C1:7%  C2:7%  C3:7%  C4:7%  C5:0%  C6:7%  C7:7%  C8:7%  C9:7%  C10:60%  C11:7%
  Fréquence actuelle         : 1800 MHz  (min 0 / max 1800)
  RAM  utilisée / totale     : 36.74 GB / 63.64 GB  (57.7 %)
  Swap utilisée / totale     : 0.26 GB / 12.09 GB  (2.2 %)
------------------------------------------------------------------------
[GPU] Aucune carte graphique détectée ou librairie absente.

========================================================================
TIMESTAMP : 2026-06-05 15:56:26
========================================================================
[CPU]
  Cœurs physiques / logiques : 10 / 12
  Utilisation globale        : 5.7 %
  Par cœur                   : C0:1%  C1:0%  C2:2%  C3:2%  C4:2%  C5:2%  C6:1%  C7:1%  C8:5%  C9:2%  C10:29%  C11:21%
  Fréquence actuelle         : 1800 MHz  (min 0 / max 1800)
  RAM  utilisée / totale     : 36.87 GB / 63.64 GB  (57.9 %)
  Swap utilisée / totale     : 0.26 GB / 12.09 GB  (2.2 %)
------------------------------------------------------------------------
[GPU] Aucune carte graphique détectée ou librairie absente.

========================================================================
TIMESTAMP : 2026-06-05 15:56:36
========================================================================
[CPU]
  Cœurs physiques / logiques : 10 / 12
  Utilisation globale        : 6.2 %
  Par cœur                   : C0:0%  C1:0%  C2:0%  C3:0%  C4:2%  C5:3%  C6:1%  C7:2%  C8:3%  C9:6%  C10:34%  C11:23%
  Fréquence actuelle         : 1800 MHz  (min 0 / max 1800)
  RAM  utilisée / totale     : 36.91 GB / 63.64 GB  (58.0 %)
  Swap utilisée / totale     : 0.26 GB / 12.09 GB  (2.2 %)
------------------------------------------------------------------------
[GPU] Aucune carte graphique détectée ou librairie absente.


########################################################################
# Session démarrée le 2026-06-05 16:11:43
# Intervalle : 10.0s
########################################################################


########################################################################
# Session démarrée le 2026-06-05 19:01:09
# Intervalle : 10.0s
########################################################################

========================================================================
TIMESTAMP : 2026-06-05 19:01:09
========================================================================
[CPU]
  Cœurs physiques / logiques : 10 / 12
  Utilisation globale        : 0.0 %
  Par cœur                   : C0:0%  C1:0%  C2:0%  C3:0%  C4:0%  C5:0%  C6:0%  C7:0%  C8:13%  C9:0%  C10:40%  C11:0%
  Fréquence actuelle         : 1800 MHz  (min 0 / max 1800)
  RAM  utilisée / totale     : 36.99 GB / 63.64 GB  (58.1 %)
  Swap utilisée / totale     : 0.26 GB / 12.09 GB  (2.2 %)
------------------------------------------------------------------------
[GPU] Aucune carte graphique détectée ou librairie absente.

========================================================================
TIMESTAMP : 2026-06-05 19:01:20
========================================================================
[CPU]
  Cœurs physiques / logiques : 10 / 12
  Utilisation globale        : 5.3 %
  Par cœur                   : C0:1%  C1:1%  C2:1%  C3:1%  C4:1%  C5:2%  C6:2%  C7:1%  C8:4%  C9:3%  C10:35%  C11:11%
  Fréquence actuelle         : 1800 MHz  (min 0 / max 1800)
  RAM  utilisée / totale     : 37.20 GB / 63.64 GB  (58.5 %)
  Swap utilisée / totale     : 0.26 GB / 12.09 GB  (2.2 %)
------------------------------------------------------------------------
[GPU] Aucune carte graphique détectée ou librairie absente.

